xfusion-2:1433023:1433023 [0] NCCL INFO ENV/Plugin: Could not find: libnccl-env.so
xfusion-2:1433023:1433023 [0] NCCL INFO cudaDriverVersion 13030
xfusion-2:1433023:1433023 [0] NCCL INFO NCCL version 2.28.9+cuda12.9
xfusion-2:1433023:1433023 [0] NCCL INFO NET/Plugin: Could not find: libnccl-net.so
xfusion-2:1433023:1433023 [0] NCCL INFO NET/IB : Using [0]mlx5_1:1/RoCE [RO]; OOB bond0:192.168.5.112<0>
xfusion-2:1433023:1433023 [0] NCCL INFO Initialized NET plugin IB
xfusion-2:1433023:1433023 [0] NCCL INFO Assigned NET plugin IB to comm
xfusion-2:1433023:1433023 [0] NCCL INFO Assigned GIN plugin GIN_IB_GDAKI to comm
xfusion-2:1433023:1433023 [0] NCCL INFO Using network IB
xfusion-2:1433023:1433023 [0] NCCL INFO DMA-BUF is available on GPU device 0
xfusion-2:1433023:1433023 [0] NCCL INFO ncclCommInitRankConfig comm 0x55e861e867f0 rank 0 nranks 4 cudaDev 0 nvmlDev 0 busId 4f000 commId 0xf3845d1e765e0c15 - Init START
xfusion-2:1433023:1433023 [0] NCCL INFO RAS client listening socket at 127.0.0.1<28028>
xfusion-2:1433023:1433023 [0] NCCL INFO TOPO/NET : Importing network plugins to topology
xfusion-2:1433023:1433023 [0] NCCL INFO ncclTopoPopulateNics : Filled mlx5_1 in topo with pciPath=/sys/devices/pci0000:48/0000:48:01.0/0000:49:00.0/0000:4a:00.0/0000:4b:00.0 keep=1 coll=(null)
xfusion-2:1433023:1433023 [0] NCCL INFO NCCL_NET_GDR_LEVEL set by environment to SYS
xfusion-2:1433023:1433023 [0] NCCL INFO GPU Direct RDMA Enabled for GPU 0 / HCA 0 (distance 4 <= 9), read 0 mode Default
xfusion-2:1433023:1433023 [0] NCCL INFO GPU Direct RDMA Enabled for GPU 0 / HCA 0 (distance 4 <= 9), read 0 mode Default
xfusion-2:1433023:1433023 [0] NCCL INFO === System : maxBw 12.5 totalBw 24.0 ===
xfusion-2:1433023:1433023 [0] NCCL INFO CPU/0-0 (1/1/4)
xfusion-2:1433023:1433023 [0] NCCL INFO + PCI[48.0] - PCI/0-49000 (1000c0301000100b)
xfusion-2:1433023:1433023 [0] NCCL INFO               + PCI[48.0] - NIC/0-4b000
xfusion-2:1433023:1433023 [0] NCCL INFO                             + NET[12.5] - NET/0-0 (0/f221160003bd70c4/1/12.500000)
xfusion-2:1433023:1433023 [0] NCCL INFO               + PCI[24.0] - GPU/0-4f000 (0)
xfusion-2:1433023:1433023 [0] NCCL INFO + SYS[40.0] - CPU/0-1
xfusion-2:1433023:1433023 [0] NCCL INFO CPU/0-1 (1/1/4)
xfusion-2:1433023:1433023 [0] NCCL INFO + PCI[48.0] - PCI/0-c9000 (1000c0301000100b)
xfusion-2:1433023:1433023 [0] NCCL INFO               + PCI[48.0] - NIC/0-ce000
xfusion-2:1433023:1433023 [0] NCCL INFO                             + NET[12.5] - NET/0-0 (0/d4d2150003bd70c4/1/12.500000)
xfusion-2:1433023:1433023 [0] NCCL INFO               + PCI[24.0] - GPU/0-cc000 (1)
xfusion-2:1433023:1433023 [0] NCCL INFO + SYS[40.0] - CPU/0-0
xfusion-2:1433023:1433023 [0] NCCL INFO ==========================================
xfusion-2:1433023:1433023 [0] NCCL INFO GPU/0-4f000 :GPU/0-4f000 (0/5000.0/LOC) GPU/0-cc000 (5/24.0/SYS) CPU/0-0 (2/24.0/PHB) CPU/0-1 (3/24.0/SYS) NET/0-0 (3/12.5/PIX) NET/0-0 (0/0.0/DIS) 
xfusion-2:1433023:1433023 [0] NCCL INFO GPU/0-cc000 :GPU/0-4f000 (5/24.0/SYS) GPU/0-cc000 (0/5000.0/LOC) CPU/0-0 (3/24.0/SYS) CPU/0-1 (2/24.0/PHB) NET/0-0 (6/12.5/SYS) NET/0-0 (0/0.0/DIS) 
xfusion-2:1433023:1433023 [0] NCCL INFO NET/0-0 :GPU/0-4f000 (3/12.5/PIX) GPU/0-cc000 (6/12.5/SYS) CPU/0-0 (3/12.5/PHB) CPU/0-1 (4/12.5/SYS) NET/0-0 (0/5000.0/LOC) NET/0-0 (0/0.0/DIS) 
xfusion-2:1433023:1433023 [0] NCCL INFO NET/0-0 :GPU/0-4f000 (6/12.5/SYS) GPU/0-cc000 (3/12.5/PIX) CPU/0-0 (4/12.5/SYS) CPU/0-1 (3/12.5/PHB) NET/0-0 (0/5000.0/LOC) NET/0-0 (0/0.0/DIS) 
xfusion-2:1433023:1433023 [0] NCCL INFO ncclTopoGetCpuAffinity: Affinity for GPU 0 is 0,64. (GPU affinity = 0-31,64-95 ; CPU affinity = 0,64).
xfusion-2:1433023:1433023 [0] NCCL INFO NVLS multicast support is not available on dev 0 (NVLS_NCHANNELS 0)
xfusion-2:1433023:1433023 [0] NCCL INFO Pattern 4, crossNic 0, nChannels 1, bw 12.000000/12.000000, type SYS/SYS, sameChannels 1
xfusion-2:1433023:1433023 [0] NCCL INFO  0 : NET/0-0 GPU/0-4f000 GPU/0-cc000 NET/0-0
xfusion-2:1433023:1433023 [0] NCCL INFO Pattern 1, crossNic 0, nChannels 1, bw 18.000000/12.000000, type SYS/SYS, sameChannels 1
xfusion-2:1433023:1433023 [0] NCCL INFO  0 : NET/0-0 GPU/0-4f000 GPU/0-cc000 NET/0-0
xfusion-2:1433023:1433023 [0] NCCL INFO comm 0x55e861e867f0 rank 0 nRanks 4 nNodes 2 localRanks 2 localRank 0 MNNVL 0
xfusion-2:1433023:1433023 [0] NCCL INFO Tree 0 : -1 -> 0 -> 1/2/-1
xfusion-2:1433023:1433023 [0] NCCL INFO Tree 1 : 2 -> 0 -> 1/-1/-1
xfusion-2:1433023:1433023 [0] NCCL INFO Channel 00/02 : 0 1 2 3
xfusion-2:1433023:1433023 [0] NCCL INFO Channel 01/02 : 0 1 2 3
xfusion-2:1433023:1433023 [0] NCCL INFO Ring 00 : 3 -> 0 -> 1
xfusion-2:1433023:1433023 [0] NCCL INFO Ring 01 : 3 -> 0 -> 1
xfusion-2:1433023:1433023 [0] NCCL INFO Trees [0] 1/2/-1->0->-1 [1] 1/-1/-1->0->2
xfusion-2:1433023:1433023 [0] NCCL INFO P2P Chunksize set to 131072
xfusion-2:1433023:1433023 [0] NCCL INFO PROFILER/Plugin: Could not find: libnccl-profiler.so
xfusion-2:1433023:1433023 [0] NCCL INFO Check P2P Type isAllDirectP2p 0 directMode 0 isAllCudaP2p 1
xfusion-2:1433023:1433023 [0] NCCL INFO ncclP2pSchedule: group size used is 2
xfusion-2:1433023:1433060 [0] NCCL INFO [Proxy Service] Device 0 CPU core 64
xfusion-2:1433023:1433061 [0] NCCL INFO [Proxy Service UDS] Device 0 CPU core 64
xfusion-2:1433023:1433023 [0] NCCL INFO TUNER/Plugin: Could not find: libnccl-tuner.so
xfusion-2:1433023:1433023 [0] NCCL INFO threadThresholds 8/8/64 | 32/8/64 | 512 | 512
xfusion-2:1433023:1433023 [0] NCCL INFO 2 coll channels, 2 collnet channels, 0 nvls channels, 2 p2p channels, 2 p2p channels per peer
xfusion-2:1433023:1433023 [0] NCCL INFO CC Off, workFifoBytes 1048576
xfusion-2:1433023:1433023 [0] NCCL INFO ncclCommInitRankConfig comm 0x55e861e867f0 rank 0 nranks 4 cudaDev 0 nvmlDev 0 busId 4f000 commId 0xf3845d1e765e0c15 - Init COMPLETE
xfusion-2:1433023:1433023 [0] NCCL INFO Init timings - ncclCommInitRankConfig: rank 0 nranks 4 total 0.27 (kernels 0.20, alloc 0.02, bootstrap 0.03, allgathers 0.00, topo 0.01, graphs 0.00, connections 0.00, rest 0.00)
xfusion-2:1433023:1433023 [0] NCCL INFO Initialized NET plugin IB
xfusion-2:1433023:1433023 [0] NCCL INFO Assigned NET plugin IB to comm
xfusion-2:1433023:1433023 [0] NCCL INFO Assigned GIN plugin GIN_IB_GDAKI to comm
xfusion-2:1433023:1433023 [0] NCCL INFO Using network IB
xfusion-2:1433023:1433023 [0] NCCL INFO DMA-BUF is available on GPU device 0
xfusion-2:1433023:1433023 [0] NCCL INFO ncclCommSplit comm 0x55e865f8ec30 rank 0 nranks 3 cudaDev 0 nvmlDev 0 busId 4f000 parent 0x55e861e867f0 splitCount 1 color 985072844 key 0- Init START
xfusion-2:1433023:1433023 [0] NCCL INFO TOPO/NET : Importing network plugins to topology
xfusion-2:1433023:1433023 [0] NCCL INFO ncclTopoPopulateNics : Filled mlx5_1 in topo with pciPath=/sys/devices/pci0000:48/0000:48:01.0/0000:49:00.0/0000:4a:00.0/0000:4b:00.0 keep=1 coll=(null)
xfusion-2:1433023:1433023 [0] NCCL INFO GPU Direct RDMA Enabled for GPU 0 / HCA 0 (distance 4 <= 9), read 0 mode Default
xfusion-2:1433023:1433023 [0] NCCL INFO GPU Direct RDMA Enabled for GPU 0 / HCA 0 (distance 4 <= 9), read 0 mode Default
xfusion-2:1433023:1433023 [0] NCCL INFO === System : maxBw 12.5 totalBw 24.0 ===
xfusion-2:1433023:1433023 [0] NCCL INFO CPU/0-0 (1/1/4)
xfusion-2:1433023:1433023 [0] NCCL INFO + PCI[48.0] - PCI/0-49000 (1000c0301000100b)
xfusion-2:1433023:1433023 [0] NCCL INFO               + PCI[48.0] - NIC/0-4b000
xfusion-2:1433023:1433023 [0] NCCL INFO                             + NET[12.5] - NET/0-0 (0/f221160003bd70c4/1/12.500000)
xfusion-2:1433023:1433023 [0] NCCL INFO               + PCI[24.0] - GPU/0-4f000 (0)
xfusion-2:1433023:1433023 [0] NCCL INFO ==========================================
xfusion-2:1433023:1433023 [0] NCCL INFO GPU/0-4f000 :GPU/0-4f000 (0/5000.0/LOC) CPU/0-0 (2/24.0/PHB) NET/0-0 (3/12.5/PIX) 
xfusion-2:1433023:1433023 [0] NCCL INFO NET/0-0 :GPU/0-4f000 (3/12.5/PIX) CPU/0-0 (3/12.5/PHB) NET/0-0 (0/5000.0/LOC) 
xfusion-2:1433023:1433023 [0] NCCL INFO ncclTopoGetCpuAffinity: Affinity for GPU 0 is 0,64. (GPU affinity = 0-31,64-95 ; CPU affinity = 0,64).
xfusion-2:1433023:1433023 [0] NCCL INFO Pattern 4, crossNic 0, nChannels 1, bw 12.000000/12.000000, type LOC/PIX, sameChannels 1
xfusion-2:1433023:1433023 [0] NCCL INFO  0 : NET/0-0 GPU/0-4f000 NET/0-0
xfusion-2:1433023:1433023 [0] NCCL INFO Pattern 3, crossNic 0, nChannels 1, bw 24.000000/12.000000, type LOC/PIX, sameChannels 1
xfusion-2:1433023:1433023 [0] NCCL INFO  0 : NET/0-0 GPU/0-4f000 NET/0-0
xfusion-2:1433023:1433023 [0] NCCL INFO comm 0x55e865f8ec30 rank 0 nRanks 3 nNodes 2 localRanks 1 localRank 0 MNNVL 0
xfusion-2:1433023:1433023 [0] NCCL INFO Tree 0 : -1 -> 0 -> 1/-1/-1
xfusion-2:1433023:1433023 [0] NCCL INFO Tree 1 : 1 -> 0 -> -1/-1/-1
xfusion-2:1433023:1433023 [0] NCCL INFO Channel 00/02 : 0 1 2
xfusion-2:1433023:1433023 [0] NCCL INFO Channel 01/02 : 0 1 2
xfusion-2:1433023:1433023 [0] NCCL INFO Ring 00 : 2 -> 0 -> 1
xfusion-2:1433023:1433023 [0] NCCL INFO Ring 01 : 2 -> 0 -> 1
xfusion-2:1433023:1433023 [0] NCCL INFO Trees [0] 1/-1/-1->0->-1 [1] -1/-1/-1->0->1
xfusion-2:1433023:1433023 [0] NCCL INFO P2P Chunksize set to 131072
xfusion-2:1433023:1433023 [0] NCCL INFO Check P2P Type isAllDirectP2p 1 directMode 0 isAllCudaP2p 1
xfusion-2:1433023:1433023 [0] NCCL INFO ncclP2pSchedule: group size used is 1
xfusion-2:1433023:1433073 [0] NCCL INFO [Proxy Service] Device 0 CPU core 64
xfusion-2:1433023:1433074 [0] NCCL INFO [Proxy Service UDS] Device 0 CPU core 64
xfusion-2:1433023:1433023 [0] NCCL INFO threadThresholds 8/8/64 | 24/8/64 | 512 | 512
xfusion-2:1433023:1433023 [0] NCCL INFO 2 coll channels, 2 collnet channels, 0 nvls channels, 2 p2p channels, 2 p2p channels per peer
xfusion-2:1433023:1433023 [0] NCCL INFO CC Off, workFifoBytes 1048576
xfusion-2:1433023:1433023 [0] NCCL INFO ncclCommSplit comm 0x55e865f8ec30 rank 0 nranks 3 cudaDev 0 nvmlDev 0 busId 4f000 parent 0x55e861e867f0 splitCount 1 color 985072844 key 0 - Init COMPLETE
xfusion-2:1433023:1433023 [0] NCCL INFO Init timings - ncclCommSplit: rank 0 nranks 3 total 0.02 (kernels 0.00, alloc 0.00, bootstrap 0.00, allgathers 0.01, topo 0.01, graphs 0.00, connections 0.00, rest 0.00)
xfusion-2:1433023:1433023 [0] NCCL INFO Rank 0 has color with NCCL_SPLIT_NOCOLOR, not creating a new communicator
xfusion-2:1433023:1433023 [0] NCCL INFO GPU Direct RDMA Enabled for GPU 0 / HCA 0 (distance 4 <= 9), read 0 mode Default
xfusion-2:1433023:1433091 [0] NCCL INFO [Proxy Progress] Device 0 CPU core 0
xfusion-2:1433023:1433023 [0] NCCL INFO Channel 00/0 : 3[1] -> 0[0] [receive] via NET/IB/0/GDRDMA
xfusion-2:1433023:1433023 [0] NCCL INFO GPU Direct RDMA Enabled for GPU 0 / HCA 0 (distance 4 <= 9), read 0 mode Default
xfusion-2:1433023:1433023 [0] NCCL INFO Channel 01/0 : 3[1] -> 0[0] [receive] via NET/IB/0/GDRDMA
xfusion-2:1433023:1433023 [0] NCCL INFO Channel 00 : 0[0] -> 1[1] via SHM/direct/direct
xfusion-2:1433023:1433023 [0] NCCL INFO Channel 01 : 0[0] -> 1[1] via SHM/direct/direct
xfusion-2:1433023:1433023 [0] NCCL INFO Connected all rings, use ring PXN 0 GDR 1
xfusion-2:1433023:1433023 [0] NCCL INFO GPU Direct RDMA Enabled for GPU 0 / HCA 0 (distance 4 <= 9), read 1 mode Default
xfusion-2:1433023:1433023 [0] NCCL INFO Channel 00/1 : 0[0] -> 2[0] [send] via NET/IB/0/GDRDMA/Shared
xfusion-2:1433023:1433023 [0] NCCL INFO GPU Direct RDMA Enabled for GPU 0 / HCA 0 (distance 4 <= 9), read 1 mode Default
xfusion-2:1433023:1433023 [0] NCCL INFO Channel 01/1 : 0[0] -> 2[0] [send] via NET/IB/0/GDRDMA/Shared
xfusion-2:1433023:1433023 [0] NCCL INFO GPU Direct RDMA Enabled for GPU 0 / HCA 0 (distance 4 <= 9), read 1 mode Default
xfusion-2:1433023:1433023 [0] NCCL INFO Channel 00/1 : 0[0] -> 3[1] [send] via NET/IB/0/GDRDMA/Shared
xfusion-2:1433023:1433023 [0] NCCL INFO GPU Direct RDMA Enabled for GPU 0 / HCA 0 (distance 4 <= 9), read 1 mode Default
xfusion-2:1433023:1433023 [0] NCCL INFO Channel 01/1 : 0[0] -> 3[1] [send] via NET/IB/0/GDRDMA/Shared
xfusion-2:1433023:1433023 [0] NCCL INFO GPU Direct RDMA Enabled for GPU 0 / HCA 0 (distance 4 <= 9), read 0 mode Default
xfusion-2:1433023:1433163 [0] NCCL INFO [Proxy Progress] Device 0 CPU core 64
xfusion-2:1433023:1433023 [0] NCCL INFO Channel 00/0 : 2[1] -> 0[0] [receive] via NET/IB/0/GDRDMA
xfusion-2:1433023:1433023 [0] NCCL INFO GPU Direct RDMA Enabled for GPU 0 / HCA 0 (distance 4 <= 9), read 0 mode Default
xfusion-2:1433023:1433023 [0] NCCL INFO Channel 01/0 : 2[1] -> 0[0] [receive] via NET/IB/0/GDRDMA
xfusion-2:1433023:1433023 [0] NCCL INFO GPU Direct RDMA Enabled for GPU 0 / HCA 0 (distance 4 <= 9), read 1 mode Default
xfusion-2:1433023:1433023 [0] NCCL INFO Channel 00/0 : 0[0] -> 1[0] [send] via NET/IB/0/GDRDMA
xfusion-2:1433023:1433023 [0] NCCL INFO GPU Direct RDMA Enabled for GPU 0 / HCA 0 (distance 4 <= 9), read 1 mode Default
xfusion-2:1433023:1433023 [0] NCCL INFO Channel 01/0 : 0[0] -> 1[0] [send] via NET/IB/0/GDRDMA
xfusion-2:1433023:1433023 [0] NCCL INFO Connected all rings, use ring PXN 0 GDR 1
xfusion-2:1433023:1433023 [0] NCCL INFO comm 0x55e865f8ec30 rank 0 nranks 3 cudaDev 0 busId 4f000 - Destroy COMPLETE
xfusion-2:1433023:1433023 [0] NCCL INFO comm 0x55e861e867f0 rank 0 nranks 4 cudaDev 0 busId 4f000 - Destroy COMPLETE
xfusion-2:1433023:1433023 [0] NCCL INFO ENV/Plugin: Closing env plugin ncclEnvDefault
