xfusion-3:362053:362053 [1] NCCL INFO ENV/Plugin: Could not find: libnccl-env.so
xfusion-3:362053:362053 [1] NCCL INFO cudaDriverVersion 13030
xfusion-3:362053:362053 [1] NCCL INFO NCCL version 2.28.9+cuda12.9
xfusion-3:362053:362053 [1] NCCL INFO NET/Plugin: Could not find: libnccl-net.so
xfusion-3:362053:362053 [1] NCCL INFO NET/IB : Using [0]mlx5_3:1/RoCE [RO]; OOB bond0:192.168.5.113<0>
xfusion-3:362053:362053 [1] NCCL INFO Initialized NET plugin IB
xfusion-3:362053:362053 [1] NCCL INFO Assigned NET plugin IB to comm
xfusion-3:362053:362053 [1] NCCL INFO Assigned GIN plugin GIN_IB_GDAKI to comm
xfusion-3:362053:362053 [1] NCCL INFO Using network IB
xfusion-3:362053:362053 [1] NCCL INFO DMA-BUF is available on GPU device 1
xfusion-3:362053:362053 [1] NCCL INFO ncclCommInitRankConfig comm 0x5654d924aae0 rank 3 nranks 4 cudaDev 1 nvmlDev 1 busId cc000 commId 0xf3845d1e765e0c15 - Init START
xfusion-3:362053:362053 [1] NCCL INFO RAS client listening socket at 127.0.0.1<28028>
xfusion-3:362053:362053 [1] NCCL INFO TOPO/NET : Importing network plugins to topology
xfusion-3:362053:362053 [1] NCCL INFO ncclTopoPopulateNics : Filled mlx5_3 in topo with pciPath=/sys/devices/pci0000:c8/0000:c8:01.0/0000:c9:00.0/0000:ca:03.0/0000:ce:00.0 keep=1 coll=(null)
xfusion-3:362053:362053 [1] NCCL INFO NCCL_NET_GDR_LEVEL set by environment to SYS
xfusion-3:362053:362053 [1] NCCL INFO GPU Direct RDMA Enabled for GPU 2 / HCA 0 (distance 4 <= 9), read 0 mode Default
xfusion-3:362053:362053 [1] NCCL INFO GPU Direct RDMA Enabled for GPU 2 / HCA 0 (distance 4 <= 9), read 0 mode Default
xfusion-3:362053:362053 [1] NCCL INFO === System : maxBw 12.5 totalBw 24.0 ===
xfusion-3:362053:362053 [1] NCCL INFO CPU/0-0 (1/1/4)
xfusion-3:362053:362053 [1] NCCL INFO + PCI[48.0] - PCI/0-49000 (1000c0301000100b)
xfusion-3:362053:362053 [1] NCCL INFO               + PCI[48.0] - NIC/0-4b000
xfusion-3:362053:362053 [1] NCCL INFO                             + NET[12.5] - NET/0-0 (0/a2af90003e1a258/1/12.500000)
xfusion-3:362053:362053 [1] NCCL INFO               + PCI[24.0] - GPU/0-4f000 (2)
xfusion-3:362053:362053 [1] NCCL INFO + SYS[40.0] - CPU/0-1
xfusion-3:362053:362053 [1] NCCL INFO CPU/0-1 (1/1/4)
xfusion-3:362053:362053 [1] NCCL INFO + PCI[48.0] - PCI/0-c9000 (1000c0301000100b)
xfusion-3:362053:362053 [1] NCCL INFO               + PCI[48.0] - NIC/0-ce000
xfusion-3:362053:362053 [1] NCCL INFO                             + NET[12.5] - NET/0-0 (0/fef5f90003e1a258/1/12.500000)
xfusion-3:362053:362053 [1] NCCL INFO               + PCI[24.0] - GPU/0-cc000 (3)
xfusion-3:362053:362053 [1] NCCL INFO + SYS[40.0] - CPU/0-0
xfusion-3:362053:362053 [1] NCCL INFO ==========================================
xfusion-3:362053:362053 [1] NCCL INFO GPU/0-4f000 :GPU/0-4f000 (0/5000.0/LOC) GPU/0-cc000 (5/24.0/SYS) CPU/0-0 (2/24.0/PHB) CPU/0-1 (3/24.0/SYS) NET/0-0 (3/12.5/PIX) NET/0-0 (0/0.0/DIS) 
xfusion-3:362053:362053 [1] NCCL INFO GPU/0-cc000 :GPU/0-4f000 (5/24.0/SYS) GPU/0-cc000 (0/5000.0/LOC) CPU/0-0 (3/24.0/SYS) CPU/0-1 (2/24.0/PHB) NET/0-0 (6/12.5/SYS) NET/0-0 (0/0.0/DIS) 
xfusion-3:362053:362053 [1] NCCL INFO NET/0-0 :GPU/0-4f000 (3/12.5/PIX) GPU/0-cc000 (6/12.5/SYS) CPU/0-0 (3/12.5/PHB) CPU/0-1 (4/12.5/SYS) NET/0-0 (0/5000.0/LOC) NET/0-0 (0/0.0/DIS) 
xfusion-3:362053:362053 [1] NCCL INFO NET/0-0 :GPU/0-4f000 (6/12.5/SYS) GPU/0-cc000 (3/12.5/PIX) CPU/0-0 (4/12.5/SYS) CPU/0-1 (3/12.5/PHB) NET/0-0 (0/5000.0/LOC) NET/0-0 (0/0.0/DIS) 
xfusion-3:362053:362053 [1] NCCL INFO ncclTopoGetCpuAffinity: Affinity for GPU 1 is empty, ignoring. (GPU affinity = 32-63,96-127 ; CPU affinity = 1,65).
xfusion-3:362053:362053 [1] NCCL INFO NVLS multicast support is not available on dev 1 (NVLS_NCHANNELS 0)
xfusion-3:362053:362053 [1] NCCL INFO Pattern 4, crossNic 0, nChannels 1, bw 12.000000/12.000000, type SYS/SYS, sameChannels 1
xfusion-3:362053:362053 [1] NCCL INFO  0 : NET/0-0 GPU/0-4f000 GPU/0-cc000 NET/0-0
xfusion-3:362053:362053 [1] NCCL INFO Pattern 1, crossNic 0, nChannels 1, bw 18.000000/12.000000, type SYS/SYS, sameChannels 1
xfusion-3:362053:362053 [1] NCCL INFO  0 : NET/0-0 GPU/0-4f000 GPU/0-cc000 NET/0-0
xfusion-3:362053:362053 [1] NCCL INFO comm 0x5654d924aae0 rank 3 nRanks 4 nNodes 2 localRanks 2 localRank 1 MNNVL 0
xfusion-3:362053:362053 [1] NCCL INFO Tree 0 : 2 -> 3 -> -1/-1/-1
xfusion-3:362053:362053 [1] NCCL INFO Tree 1 : 2 -> 3 -> -1/-1/-1
xfusion-3:362053:362053 [1] NCCL INFO Ring 00 : 2 -> 3 -> 0
xfusion-3:362053:362053 [1] NCCL INFO Ring 01 : 2 -> 3 -> 0
xfusion-3:362053:362053 [1] NCCL INFO Trees [0] -1/-1/-1->3->2 [1] -1/-1/-1->3->2
xfusion-3:362053:362053 [1] NCCL INFO P2P Chunksize set to 131072
xfusion-3:362053:362053 [1] NCCL INFO PROFILER/Plugin: Could not find: libnccl-profiler.so
xfusion-3:362053:362053 [1] NCCL INFO Check P2P Type isAllDirectP2p 0 directMode 0 isAllCudaP2p 1
xfusion-3:362053:362053 [1] NCCL INFO ncclP2pSchedule: group size used is 2
xfusion-3:362053:362053 [1] NCCL INFO TUNER/Plugin: Could not find: libnccl-tuner.so
xfusion-3:362053:362053 [1] NCCL INFO threadThresholds 8/8/64 | 32/8/64 | 512 | 512
xfusion-3:362053:362053 [1] NCCL INFO 2 coll channels, 2 collnet channels, 0 nvls channels, 2 p2p channels, 2 p2p channels per peer
xfusion-3:362053:362077 [0] NCCL INFO [Proxy Service] Device 1 CPU core 65
xfusion-3:362053:362053 [1] NCCL INFO ncclCommInitRankConfig comm 0x5654d924aae0 rank 3 nranks 4 cudaDev 1 nvmlDev 1 busId cc000 commId 0xf3845d1e765e0c15 - Init COMPLETE
xfusion-3:362053:362053 [1] NCCL INFO Init timings - ncclCommInitRankConfig: rank 3 nranks 4 total 0.26 (kernels 0.17, alloc 0.03, bootstrap 0.05, allgathers 0.00, topo 0.01, graphs 0.00, connections 0.00, rest 0.00)
xfusion-3:362053:362078 [0] NCCL INFO [Proxy Service UDS] Device 1 CPU core 65
xfusion-3:362053:362053 [1] NCCL INFO Initialized NET plugin IB
xfusion-3:362053:362053 [1] NCCL INFO Assigned NET plugin IB to comm
xfusion-3:362053:362053 [1] NCCL INFO Assigned GIN plugin GIN_IB_GDAKI to comm
xfusion-3:362053:362053 [1] NCCL INFO Using network IB
xfusion-3:362053:362053 [1] NCCL INFO DMA-BUF is available on GPU device 1
xfusion-3:362053:362053 [1] NCCL INFO ncclCommSplit comm 0x5654dd350400 rank 2 nranks 3 cudaDev 1 nvmlDev 1 busId cc000 parent 0x5654d924aae0 splitCount 1 color 985072844 key 2- Init START
xfusion-3:362053:362053 [1] NCCL INFO TOPO/NET : Importing network plugins to topology
xfusion-3:362053:362053 [1] NCCL INFO ncclTopoPopulateNics : Filled mlx5_3 in topo with pciPath=/sys/devices/pci0000:c8/0000:c8:01.0/0000:c9:00.0/0000:ca:03.0/0000:ce:00.0 keep=1 coll=(null)
xfusion-3:362053:362053 [1] NCCL INFO GPU Direct RDMA Enabled for GPU 1 / HCA 0 (distance 4 <= 9), read 0 mode Default
xfusion-3:362053:362053 [1] NCCL INFO GPU Direct RDMA Enabled for GPU 1 / HCA 0 (distance 4 <= 9), read 0 mode Default
xfusion-3:362053:362053 [1] NCCL INFO === System : maxBw 12.5 totalBw 24.0 ===
xfusion-3:362053:362053 [1] NCCL INFO CPU/0-0 (1/1/4)
xfusion-3:362053:362053 [1] NCCL INFO + PCI[48.0] - PCI/0-49000 (1000c0301000100b)
xfusion-3:362053:362053 [1] NCCL INFO               + PCI[48.0] - NIC/0-4b000
xfusion-3:362053:362053 [1] NCCL INFO                             + NET[12.5] - NET/0-0 (0/a2af90003e1a258/1/12.500000)
xfusion-3:362053:362053 [1] NCCL INFO               + PCI[24.0] - GPU/0-4f000 (1)
xfusion-3:362053:362053 [1] NCCL INFO + SYS[40.0] - CPU/0-1
xfusion-3:362053:362053 [1] NCCL INFO CPU/0-1 (1/1/4)
xfusion-3:362053:362053 [1] NCCL INFO + PCI[48.0] - PCI/0-c9000 (1000c0301000100b)
xfusion-3:362053:362053 [1] NCCL INFO               + PCI[48.0] - NIC/0-ce000
xfusion-3:362053:362053 [1] NCCL INFO                             + NET[12.5] - NET/0-0 (0/fef5f90003e1a258/1/12.500000)
xfusion-3:362053:362053 [1] NCCL INFO               + PCI[24.0] - GPU/0-cc000 (2)
xfusion-3:362053:362053 [1] NCCL INFO + SYS[40.0] - CPU/0-0
xfusion-3:362053:362053 [1] NCCL INFO ==========================================
xfusion-3:362053:362053 [1] NCCL INFO GPU/0-4f000 :GPU/0-4f000 (0/5000.0/LOC) GPU/0-cc000 (5/24.0/SYS) CPU/0-0 (2/24.0/PHB) CPU/0-1 (3/24.0/SYS) NET/0-0 (3/12.5/PIX) NET/0-0 (0/0.0/DIS) 
xfusion-3:362053:362053 [1] NCCL INFO GPU/0-cc000 :GPU/0-4f000 (5/24.0/SYS) GPU/0-cc000 (0/5000.0/LOC) CPU/0-0 (3/24.0/SYS) CPU/0-1 (2/24.0/PHB) NET/0-0 (6/12.5/SYS) NET/0-0 (0/0.0/DIS) 
xfusion-3:362053:362053 [1] NCCL INFO NET/0-0 :GPU/0-4f000 (3/12.5/PIX) GPU/0-cc000 (6/12.5/SYS) CPU/0-0 (3/12.5/PHB) CPU/0-1 (4/12.5/SYS) NET/0-0 (0/5000.0/LOC) NET/0-0 (0/0.0/DIS) 
xfusion-3:362053:362053 [1] NCCL INFO NET/0-0 :GPU/0-4f000 (6/12.5/SYS) GPU/0-cc000 (3/12.5/PIX) CPU/0-0 (4/12.5/SYS) CPU/0-1 (3/12.5/PHB) NET/0-0 (0/5000.0/LOC) NET/0-0 (0/0.0/DIS) 
xfusion-3:362053:362053 [1] NCCL INFO ncclTopoGetCpuAffinity: Affinity for GPU 1 is empty, ignoring. (GPU affinity = 32-63,96-127 ; CPU affinity = 1,65).
xfusion-3:362053:362053 [1] NCCL INFO NVLS multicast support is not available on dev 1 (NVLS_NCHANNELS 0)
xfusion-3:362053:362053 [1] NCCL INFO Pattern 4, crossNic 0, nChannels 1, bw 12.000000/12.000000, type SYS/SYS, sameChannels 1
xfusion-3:362053:362053 [1] NCCL INFO  0 : NET/0-0 GPU/0-4f000 GPU/0-cc000 NET/0-0
xfusion-3:362053:362053 [1] NCCL INFO Pattern 1, crossNic 0, nChannels 1, bw 18.000000/12.000000, type SYS/SYS, sameChannels 1
xfusion-3:362053:362053 [1] NCCL INFO  0 : NET/0-0 GPU/0-4f000 GPU/0-cc000 NET/0-0
xfusion-3:362053:362053 [1] NCCL INFO comm 0x5654dd350400 rank 2 nRanks 3 nNodes 2 localRanks 2 localRank 1 MNNVL 0
xfusion-3:362053:362053 [1] NCCL INFO Tree 0 : 1 -> 2 -> -1/-1/-1
xfusion-3:362053:362053 [1] NCCL INFO Tree 1 : 1 -> 2 -> -1/-1/-1
xfusion-3:362053:362053 [1] NCCL INFO Ring 00 : 1 -> 2 -> 0
xfusion-3:362053:362053 [1] NCCL INFO Ring 01 : 1 -> 2 -> 0
xfusion-3:362053:362053 [1] NCCL INFO Trees [0] -1/-1/-1->2->1 [1] -1/-1/-1->2->1
xfusion-3:362053:362053 [1] NCCL INFO P2P Chunksize set to 131072
xfusion-3:362053:362053 [1] NCCL INFO Check P2P Type isAllDirectP2p 0 directMode 0 isAllCudaP2p 1
xfusion-3:362053:362053 [1] NCCL INFO ncclP2pSchedule: group size used is 1
xfusion-3:362053:362053 [1] NCCL INFO threadThresholds 8/8/64 | 24/8/64 | 512 | 512
xfusion-3:362053:362053 [1] NCCL INFO 2 coll channels, 2 collnet channels, 0 nvls channels, 2 p2p channels, 2 p2p channels per peer
xfusion-3:362053:362053 [1] NCCL INFO ncclCommSplit comm 0x5654dd350400 rank 2 nranks 3 cudaDev 1 nvmlDev 1 busId cc000 parent 0x5654d924aae0 splitCount 1 color 985072844 key 2 - Init COMPLETE
xfusion-3:362053:362053 [1] NCCL INFO Init timings - ncclCommSplit: rank 2 nranks 3 total 0.02 (kernels 0.00, alloc 0.00, bootstrap 0.00, allgathers 0.00, topo 0.01, graphs 0.00, connections 0.00, rest 0.00)
xfusion-3:362053:362053 [1] NCCL INFO Initialized NET plugin IB
xfusion-3:362053:362053 [1] NCCL INFO Assigned NET plugin IB to comm
xfusion-3:362053:362053 [1] NCCL INFO Assigned GIN plugin GIN_IB_GDAKI to comm
xfusion-3:362053:362053 [1] NCCL INFO Using network IB
xfusion-3:362053:362053 [1] NCCL INFO DMA-BUF is available on GPU device 1
xfusion-3:362053:362053 [1] NCCL INFO ncclCommSplit comm 0x5654dd640960 rank 2 nranks 3 cudaDev 1 nvmlDev 1 busId cc000 parent 0x5654d924aae0 splitCount 2 color 1729875179 key 2- Init START
xfusion-3:362053:362053 [1] NCCL INFO TOPO/NET : Importing network plugins to topology
xfusion-3:362053:362053 [1] NCCL INFO ncclTopoPopulateNics : Filled mlx5_3 in topo with pciPath=/sys/devices/pci0000:c8/0000:c8:01.0/0000:c9:00.0/0000:ca:03.0/0000:ce:00.0 keep=1 coll=(null)
xfusion-3:362053:362092 [0] NCCL INFO [Proxy Service] Device 1 CPU core 1
xfusion-3:362053:362094 [0] NCCL INFO [Proxy Service UDS] Device 1 CPU core 1
xfusion-3:362053:362053 [1] NCCL INFO GPU Direct RDMA Enabled for GPU 1 / HCA 0 (distance 4 <= 9), read 0 mode Default
xfusion-3:362053:362053 [1] NCCL INFO GPU Direct RDMA Enabled for GPU 1 / HCA 0 (distance 4 <= 9), read 0 mode Default
xfusion-3:362053:362053 [1] NCCL INFO === System : maxBw 12.5 totalBw 24.0 ===
xfusion-3:362053:362053 [1] NCCL INFO CPU/0-0 (1/1/4)
xfusion-3:362053:362053 [1] NCCL INFO + PCI[48.0] - PCI/0-49000 (1000c0301000100b)
xfusion-3:362053:362053 [1] NCCL INFO               + PCI[48.0] - NIC/0-4b000
xfusion-3:362053:362053 [1] NCCL INFO                             + NET[12.5] - NET/0-0 (0/a2af90003e1a258/1/12.500000)
xfusion-3:362053:362053 [1] NCCL INFO               + PCI[24.0] - GPU/0-4f000 (1)
xfusion-3:362053:362053 [1] NCCL INFO + SYS[40.0] - CPU/0-1
xfusion-3:362053:362053 [1] NCCL INFO CPU/0-1 (1/1/4)
xfusion-3:362053:362053 [1] NCCL INFO + PCI[48.0] - PCI/0-c9000 (1000c0301000100b)
xfusion-3:362053:362053 [1] NCCL INFO               + PCI[48.0] - NIC/0-ce000
xfusion-3:362053:362053 [1] NCCL INFO                             + NET[12.5] - NET/0-0 (0/fef5f90003e1a258/1/12.500000)
xfusion-3:362053:362053 [1] NCCL INFO               + PCI[24.0] - GPU/0-cc000 (2)
xfusion-3:362053:362053 [1] NCCL INFO + SYS[40.0] - CPU/0-0
xfusion-3:362053:362053 [1] NCCL INFO ==========================================
xfusion-3:362053:362053 [1] NCCL INFO GPU/0-4f000 :GPU/0-4f000 (0/5000.0/LOC) GPU/0-cc000 (5/24.0/SYS) CPU/0-0 (2/24.0/PHB) CPU/0-1 (3/24.0/SYS) NET/0-0 (3/12.5/PIX) NET/0-0 (0/0.0/DIS) 
xfusion-3:362053:362053 [1] NCCL INFO GPU/0-cc000 :GPU/0-4f000 (5/24.0/SYS) GPU/0-cc000 (0/5000.0/LOC) CPU/0-0 (3/24.0/SYS) CPU/0-1 (2/24.0/PHB) NET/0-0 (6/12.5/SYS) NET/0-0 (0/0.0/DIS) 
xfusion-3:362053:362053 [1] NCCL INFO NET/0-0 :GPU/0-4f000 (3/12.5/PIX) GPU/0-cc000 (6/12.5/SYS) CPU/0-0 (3/12.5/PHB) CPU/0-1 (4/12.5/SYS) NET/0-0 (0/5000.0/LOC) NET/0-0 (0/0.0/DIS) 
xfusion-3:362053:362053 [1] NCCL INFO NET/0-0 :GPU/0-4f000 (6/12.5/SYS) GPU/0-cc000 (3/12.5/PIX) CPU/0-0 (4/12.5/SYS) CPU/0-1 (3/12.5/PHB) NET/0-0 (0/5000.0/LOC) NET/0-0 (0/0.0/DIS) 
xfusion-3:362053:362053 [1] NCCL INFO ncclTopoGetCpuAffinity: Affinity for GPU 1 is empty, ignoring. (GPU affinity = 32-63,96-127 ; CPU affinity = 1,65).
xfusion-3:362053:362053 [1] NCCL INFO NVLS multicast support is not available on dev 1 (NVLS_NCHANNELS 0)
xfusion-3:362053:362053 [1] NCCL INFO Pattern 4, crossNic 0, nChannels 1, bw 12.000000/12.000000, type SYS/SYS, sameChannels 1
xfusion-3:362053:362053 [1] NCCL INFO  0 : NET/0-0 GPU/0-4f000 GPU/0-cc000 NET/0-0
xfusion-3:362053:362053 [1] NCCL INFO Pattern 1, crossNic 0, nChannels 1, bw 18.000000/12.000000, type SYS/SYS, sameChannels 1
xfusion-3:362053:362053 [1] NCCL INFO  0 : NET/0-0 GPU/0-4f000 GPU/0-cc000 NET/0-0
xfusion-3:362053:362053 [1] NCCL INFO comm 0x5654dd640960 rank 2 nRanks 3 nNodes 2 localRanks 2 localRank 1 MNNVL 0
xfusion-3:362053:362053 [1] NCCL INFO Tree 0 : 1 -> 2 -> -1/-1/-1
xfusion-3:362053:362053 [1] NCCL INFO Tree 1 : 1 -> 2 -> -1/-1/-1
xfusion-3:362053:362053 [1] NCCL INFO Ring 00 : 1 -> 2 -> 0
xfusion-3:362053:362053 [1] NCCL INFO Ring 01 : 1 -> 2 -> 0
xfusion-3:362053:362053 [1] NCCL INFO Trees [0] -1/-1/-1->2->1 [1] -1/-1/-1->2->1
xfusion-3:362053:362053 [1] NCCL INFO P2P Chunksize set to 131072
xfusion-3:362053:362053 [1] NCCL INFO Check P2P Type isAllDirectP2p 0 directMode 0 isAllCudaP2p 1
xfusion-3:362053:362053 [1] NCCL INFO ncclP2pSchedule: group size used is 1
xfusion-3:362053:362102 [0] NCCL INFO [Proxy Service UDS] Device 1 CPU core 65
xfusion-3:362053:362053 [1] NCCL INFO threadThresholds 8/8/64 | 24/8/64 | 512 | 512
xfusion-3:362053:362053 [1] NCCL INFO 2 coll channels, 2 collnet channels, 0 nvls channels, 2 p2p channels, 2 p2p channels per peer
xfusion-3:362053:362053 [1] NCCL INFO ncclCommSplit comm 0x5654dd640960 rank 2 nranks 3 cudaDev 1 nvmlDev 1 busId cc000 parent 0x5654d924aae0 splitCount 2 color 1729875179 key 2 - Init COMPLETE
xfusion-3:362053:362053 [1] NCCL INFO Init timings - ncclCommSplit: rank 2 nranks 3 total 0.01 (kernels 0.00, alloc 0.00, bootstrap 0.00, allgathers 0.00, topo 0.01, graphs 0.00, connections 0.00, rest 0.00)
xfusion-3:362053:362100 [0] NCCL INFO [Proxy Service] Device 1 CPU core 1
xfusion-3:362053:362053 [1] NCCL INFO GPU Direct RDMA Enabled for GPU 3 / HCA 0 (distance 9 <= 9), read 1 mode Default
xfusion-3:362053:362053 [1] NCCL INFO Channel 00/0 : 3[1] -> 0[0] [send] via NET/IB/0/GDRDMA
xfusion-3:362053:362053 [1] NCCL INFO GPU Direct RDMA Enabled for GPU 3 / HCA 0 (distance 9 <= 9), read 1 mode Default
xfusion-3:362053:362053 [1] NCCL INFO Channel 01/0 : 3[1] -> 0[0] [send] via NET/IB/0/GDRDMA
xfusion-3:362053:362104 [0] NCCL INFO [Proxy Progress] Device 1 CPU core 65
xfusion-3:362053:362053 [1] NCCL INFO Connected all rings, use ring PXN 0 GDR 1
xfusion-3:362053:362053 [1] NCCL INFO GPU Direct RDMA Enabled for GPU 3 / HCA 0 (distance 9 <= 9), read 0 mode Default
xfusion-3:362053:362053 [1] NCCL INFO Channel 00/1 : 0[0] -> 3[1] [receive] via NET/IB/0/GDRDMA/Shared
xfusion-3:362053:362053 [1] NCCL INFO GPU Direct RDMA Enabled for GPU 3 / HCA 0 (distance 9 <= 9), read 0 mode Default
xfusion-3:362053:362053 [1] NCCL INFO Channel 01/1 : 0[0] -> 3[1] [receive] via NET/IB/0/GDRDMA/Shared
xfusion-3:362053:362053 [1] NCCL INFO GPU Direct RDMA Enabled for GPU 3 / HCA 0 (distance 9 <= 9), read 0 mode Default
xfusion-3:362053:362053 [1] NCCL INFO Channel 00/1 : 1[1] -> 3[1] [receive] via NET/IB/0/GDRDMA/Shared
xfusion-3:362053:362053 [1] NCCL INFO GPU Direct RDMA Enabled for GPU 3 / HCA 0 (distance 9 <= 9), read 0 mode Default
xfusion-3:362053:362053 [1] NCCL INFO Channel 01/1 : 1[1] -> 3[1] [receive] via NET/IB/0/GDRDMA/Shared
xfusion-3:362053:362053 [1] NCCL INFO Channel 00 : 3[1] -> 2[0] via SHM/direct/direct
xfusion-3:362053:362053 [1] NCCL INFO Channel 01 : 3[1] -> 2[0] via SHM/direct/direct
xfusion-3:362053:362053 [1] NCCL INFO GPU Direct RDMA Enabled for GPU 2 / HCA 0 (distance 9 <= 9), read 1 mode Default
xfusion-3:362053:362144 [0] NCCL INFO [Proxy Progress] Device 1 CPU core 65
xfusion-3:362053:362053 [1] NCCL INFO Channel 00/0 : 2[1] -> 0[0] [send] via NET/IB/0/GDRDMA
xfusion-3:362053:362053 [1] NCCL INFO GPU Direct RDMA Enabled for GPU 2 / HCA 0 (distance 9 <= 9), read 1 mode Default
xfusion-3:362053:362053 [1] NCCL INFO Channel 01/0 : 2[1] -> 0[0] [send] via NET/IB/0/GDRDMA
xfusion-3:362053:362053 [1] NCCL INFO Connected all rings, use ring PXN 0 GDR 1
xfusion-3:362053:362053 [1] NCCL INFO GPU Direct RDMA Enabled for GPU 2 / HCA 0 (distance 9 <= 9), read 1 mode Default
xfusion-3:362053:362053 [1] NCCL INFO Channel 00/0 : 2[1] -> 0[1] [send] via NET/IB/0/GDRDMA
xfusion-3:362053:362053 [1] NCCL INFO GPU Direct RDMA Enabled for GPU 2 / HCA 0 (distance 9 <= 9), read 1 mode Default
xfusion-3:362053:362146 [0] NCCL INFO [Proxy Progress] Device 1 CPU core 65
xfusion-3:362053:362053 [1] NCCL INFO Channel 01/0 : 2[1] -> 0[1] [send] via NET/IB/0/GDRDMA
xfusion-3:362053:362053 [1] NCCL INFO Connected all rings, use ring PXN 0 GDR 1
xfusion-3:362053:362053 [1] NCCL INFO comm 0x5654dd640960 rank 2 nranks 3 cudaDev 1 busId cc000 - Destroy COMPLETE
xfusion-3:362053:362053 [1] NCCL INFO comm 0x5654dd350400 rank 2 nranks 3 cudaDev 1 busId cc000 - Destroy COMPLETE
xfusion-3:362053:362053 [1] NCCL INFO comm 0x5654d924aae0 rank 3 nranks 4 cudaDev 1 busId cc000 - Destroy COMPLETE
xfusion-3:362053:362053 [1] NCCL INFO ENV/Plugin: Closing env plugin ncclEnvDefault
