Disabling dynamic polling

************************************
* Waiting for client to connect... *
************************************
---------------------------------------------------------------------------------------
                    RDMA_Write BW Test
 Dual-port       : OFF		Device         : mlx5_1
 Number of qps   : 1		Transport type : IB
 Connection type : RC		Using SRQ      : OFF
 PCIe relax order: ON		Lock-free      : OFF
 ibv_wr* API     : ON		Using Enhanced Reorder      : OFF
 CQ Moderation   : 1
 CQE Poll Batch  : 16
 Mtu             : 1024[B]
 Link type       : Ethernet
 GID index       : 3
 Max inline data : 0[B]
 rdma_cm QPs	 : OFF
 Data ex. method : Ethernet
---------------------------------------------------------------------------------------
 local address: LID 0000 QPN 0xd8c4 PSN 0x586968 RKey 0x240000 VAddr 0x007f7a6b64d000
 GID: 00:00:00:00:00:00:00:00:00:00:255:255:10:99:03:03
 remote address: LID 0000 QPN 0x11a83 PSN 0x70bb10 RKey 0x23fd00 VAddr 0x007f7072e03000
 GID: 00:00:00:00:00:00:00:00:00:00:255:255:10:99:03:02
---------------------------------------------------------------------------------------
 #bytes     #iterations    BW peak[Gb/sec]    BW average[Gb/sec]   MsgRate[Mpps]
 8388608    20               92.50              92.50  		     0.001378
---------------------------------------------------------------------------------------
